Initialized native services in: C:\Users\Sreedev\.gradle\native
Initialized jansi services in: C:\Users\Sreedev\.gradle\native
Found daemon DaemonInfo{pid=8124, address=[233f55d8-cf7d-43a9-a4a7-7bd671fb5db6 port:60256, addresses:[/127.0.0.1]], state=Idle, lastBusy=1772852931945, context=DefaultDaemonContext[uid=05a673b5-e035-4996-b78b-ac2adfb911c4,javaHome=C:\Program Files\Java\jdk-17,javaVersion=17,javaVendor=Oracle Corporation,daemonRegistryDir=C:\Users\Sreedev\.gradle\daemon,pid=8124,idleTimeout=10800000,priority=NORMAL,applyInstrumentationAgent=true,nativeServicesMode=ENABLED,daemonOpts=-XX:MaxMetaspaceSize=384m,-XX:+HeapDumpOnOutOfMemoryError,-Xms256m,-Xmx512m,-Dfile.encoding=UTF-8,-Duser.country=IN,-Duser.language=en,-Duser.variant]} however its context does not match the desired criteria.
At least one daemon option is different.
Wanted: DaemonRequestContext{jvmCriteria=C:\Program Files\Java\jdk-17 (no Daemon JVM specified, using current Java home), daemonOpts=[-XX:MaxMetaspaceSize=384m, -XX:+HeapDumpOnOutOfMemoryError, -Xms256m, -Xmx512m, -Dfile.encoding=windows-1252, -Duser.country=IN, -Duser.language=en, -Duser.variant], applyInstrumentationAgent=true, nativeServicesMode=ENABLED, priority=NORMAL}
Actual: DefaultDaemonContext[uid=05a673b5-e035-4996-b78b-ac2adfb911c4,javaHome=C:\Program Files\Java\jdk-17,javaVersion=17,javaVendor=Oracle Corporation,daemonRegistryDir=C:\Users\Sreedev\.gradle\daemon,pid=8124,idleTimeout=10800000,priority=NORMAL,applyInstrumentationAgent=true,nativeServicesMode=ENABLED,daemonOpts=-XX:MaxMetaspaceSize=384m,-XX:+HeapDumpOnOutOfMemoryError,-Xms256m,-Xmx512m,-Dfile.encoding=UTF-8,-Duser.country=IN,-Duser.language=en,-Duser.variant]

  Looking for a different daemon...
The client will now receive all logging from the daemon (pid: 7216). The daemon log file: C:\Users\Sreedev\.gradle\daemon\9.3.0\daemon-7216.out.log
Starting 4th build in daemon [uptime: 2 mins 49.516 secs, performance: 100%, GC rate: 0.00/s, heap usage: 0% of 512 MiB, non-heap usage: 20% of 384 MiB]
Using 16 worker leases.
Operational build model parameters: {requiresToolingModels=false, parallelProjectExecution=false, configureOnDemand=false, configurationCache=false, configurationCacheParallelStore=false, configurationCacheParallelLoad=true, isolatedProjects=false, parallelProjectConfiguration=false, intermediateModelCache=false, parallelToolingApiActions=false, invalidateCoupledProjects=false, modelAsProjectDependency=false, resilientModelBuilding=false}
Now considering [D:\I-SPICE\I-SPICE] as hierarchies to watch
Watching the file system is configured to be enabled if available
File system watching is active
Starting Build
Settings evaluated using settings file 'D:\I-SPICE\I-SPICE\settings.gradle'.
Projects loaded. Root project using build file 'D:\I-SPICE\I-SPICE\build.gradle'.
Included projects: [root project 'I-SPICE']

> Configure project :
Evaluating root project 'I-SPICE' using build file 'D:\I-SPICE\I-SPICE\build.gradle'.
Resolved plugin [id: 'java']
Resolved plugin [id: 'org.springframework.boot', version: '4.0.2']
Resolved plugin [id: 'io.spring.dependency-management', version: '1.1.7']
Applying dependency management to configuration 'annotationProcessor' in project 'I-SPICE'
Applying dependency management to configuration 'apiElements' in project 'I-SPICE'
Applying dependency management to configuration 'archives' in project 'I-SPICE'
Applying dependency management to configuration 'bootArchives' in project 'I-SPICE'
Applying dependency management to configuration 'compileClasspath' in project 'I-SPICE'
Applying dependency management to configuration 'compileOnly' in project 'I-SPICE'
Applying dependency management to configuration 'default' in project 'I-SPICE'
Applying dependency management to configuration 'developmentOnly' in project 'I-SPICE'
Applying dependency management to configuration 'implementation' in project 'I-SPICE'
Applying dependency management to configuration 'mainSourceElements' in project 'I-SPICE'
Applying dependency management to configuration 'productionRuntimeClasspath' in project 'I-SPICE'
Applying dependency management to configuration 'runtimeClasspath' in project 'I-SPICE'
Applying dependency management to configuration 'runtimeElements' in project 'I-SPICE'
Applying dependency management to configuration 'runtimeOnly' in project 'I-SPICE'
Applying dependency management to configuration 'testAndDevelopmentOnly' in project 'I-SPICE'
Applying dependency management to configuration 'testAnnotationProcessor' in project 'I-SPICE'
Applying dependency management to configuration 'testCompileClasspath' in project 'I-SPICE'
Applying dependency management to configuration 'testCompileOnly' in project 'I-SPICE'
Applying dependency management to configuration 'testImplementation' in project 'I-SPICE'
Applying dependency management to configuration 'testResultsElementsForTest' in project 'I-SPICE'
Applying dependency management to configuration 'testRuntimeClasspath' in project 'I-SPICE'
Applying dependency management to configuration 'testRuntimeOnly' in project 'I-SPICE'
All projects evaluated.
Task name matched 'cleanTest'
Task name matched 'test'
Selected primary task 'cleanTest' from project :
Selected primary task 'test' from project :
Resolving global dependency management for project 'I-SPICE'
Excluding []
Excluding []
Excluding []
Excluding []
Excluding []
Excluding []
Tasks to be executed: [task ':cleanTest', task ':compileJava', task ':processResources', task ':classes', task ':compileTestJava', task ':processTestResources', task ':testClasses', task ':test']
Tasks that were excluded: []
Resolve mutations for :cleanTest (Thread[Execution worker,5,main]) started.
:cleanTest (Thread[Execution worker,5,main]) started.
destroyer locations for task group 0 (Thread[included builds,5,main]) started.

> Task :cleanTest
Caching disabled for task ':cleanTest' because:
  Build cache is disabled
Task ':cleanTest' is not up-to-date because:
  Task has not declared any outputs despite executing actions.
Resolve mutations for :compileJava (Thread[Execution worker,5,main]) started.
:compileJava (Thread[Execution worker,5,main]) started.

> Task :compileJava UP-TO-DATE
Custom actions are attached to task ':compileJava'.
Caching disabled for task ':compileJava' because:
  Build cache is disabled
Skipping task ':compileJava' as it is up-to-date.
Resolve mutations for :processResources (Thread[Execution worker,5,main]) started.
:processResources (Thread[Execution worker,5,main]) started.

> Task :processResources UP-TO-DATE
Caching disabled for task ':processResources' because:
  Build cache is disabled
  Not worth caching
Skipping task ':processResources' as it is up-to-date.
Resolve mutations for :classes (Thread[Execution worker,5,main]) started.
:classes (Thread[Execution worker,5,main]) started.

> Task :classes UP-TO-DATE
Skipping task ':classes' as it has no actions.
Resolve mutations for :compileTestJava (Thread[Execution worker,5,main]) started.
:compileTestJava (Thread[Execution worker,5,main]) started.

> Task :compileTestJava
Custom actions are attached to task ':compileTestJava'.
Caching disabled for task ':compileTestJava' because:
  Build cache is disabled
Task ':compileTestJava' is not up-to-date because:
  Input property 'stableSources' file D:\I-SPICE\I-SPICE\src\test\java\com\company\I_SPICE\TestDB.java has changed.
Compilation mode: in-process compilation
Created classpath snapshot for incremental compilation in 0.064 secs.
Compiling with toolchain 'C:\Program Files\Java\jdk-17'.
Compiling with JDK Java compiler API.
Incremental compilation of 1 classes completed in 1.304 secs.
Class dependency analysis for incremental compilation took 0.003 secs.
Resolve mutations for :processTestResources (Thread[Execution worker,5,main]) started.
:processTestResources (Thread[Execution worker,5,main]) started.

> Task :processTestResources NO-SOURCE
Skipping task ':processTestResources' as it has no source files and no previous output files.
Resolve mutations for :testClasses (Thread[Execution worker,5,main]) started.
:testClasses (Thread[Execution worker,5,main]) started.

> Task :testClasses
Skipping task ':testClasses' as it has no actions.
Resolve mutations for :test (Thread[Execution worker,5,main]) started.
:test (Thread[Execution worker,5,main]) started.
Gradle Test Executor 3 started executing tests.

> Task :test
Caching disabled for task ':test' because:
  Build cache is disabled
Task ':test' is not up-to-date because:
  Output property 'binaryResultsDirectory' file D:\I-SPICE\I-SPICE\build\test-results\test\binary has been removed.
  Output property 'binaryResultsDirectory' file D:\I-SPICE\I-SPICE\build\test-results\test\binary\output-events.bin has been removed.
  Output property 'binaryResultsDirectory' file D:\I-SPICE\I-SPICE\build\test-results\test\binary\results-generic.bin has been removed.
  and more...
Starting process 'Gradle Test Executor 3'. Working directory: D:\I-SPICE\I-SPICE Command: C:\Program Files\Java\jdk-17\bin\java.exe -Dorg.gradle.internal.worker.tmpdir=D:\I-SPICE\I-SPICE\build\tmp\test\work @C:\Users\Sreedev\.gradle\.tmp\gradle-worker-classpath12494755222390790242txt -Xmx512m -Dfile.encoding=windows-1252 -Duser.country=IN -Duser.language=en -Duser.variant -ea worker.org.gradle.process.internal.worker.GradleWorkerMain 'Gradle Test Executor 3'
Successfully started process 'Gradle Test Executor 3'

TestDB > dumpSchema() STANDARD_OUT
    === ALL TABLES ===
    TABLE: support_ticket_replies
      id - int8
      created_at - timestamp
      is_staff_reply - bool
      message - text
      ticket_id - int8
      user_id - int8
    TABLE: support_tickets
      id - int8
      assigned_to - varchar
      category - varchar
      closed_at - timestamp
      created_at - timestamp
      description - text
      priority - varchar
      status - varchar
      subject - varchar
      ticket_number - varchar
      updated_at - timestamp
      user_id - int8

Gradle Test Executor 3 finished executing tests.

> Task :test
Generating HTML test report...
Finished generating test html results (0.012 secs) into: D:\I-SPICE\I-SPICE\build\reports\tests\test
Finished generating test XML results (0.002 secs) into: D:\I-SPICE\I-SPICE\build\test-results\test

BUILD SUCCESSFUL in 9s
5 actionable tasks: 3 executed, 2 up-to-date
Watched directory hierarchies: [D:\I-SPICE\I-SPICE]
Consider enabling configuration cache to speed up this build: https://docs.gradle.org/9.3.0/userguide/configuration_cache_enabling.html
